******************************************************************************
                  TI ARM Linker PC v20.2.7                     
******************************************************************************
>> Linked Tue Dec  9 15:24:01 2025

OUTPUT FILE NAME:   <ECE_528_CruiseCtl_MD.out>
ENTRY POINT SYMBOL: "_c_int00_noargs"  address: 00004731


MEMORY CONFIGURATION

         name            origin    length      used     unused   attr    fill
----------------------  --------  ---------  --------  --------  ----  --------
  MAIN                  00000000   00040000  00004bd7  0003b429  R  X
  INFO                  00200000   00004000  00000000  00004000  R  X
  SRAM_CODE             01000000   00010000  00000a05  0000f5fb  RW X
  SRAM_DATA             20000000   00010000  00000a05  0000f5fb  RW  


SEGMENT ALLOCATION MAP

run origin  load origin   length   init length attrs members
----------  ----------- ---------- ----------- ----- -------
00000000    00000000    00004bd8   00004bd8    r-x
  00000000    00000000    000000e4   000000e4    r-- .intvecs
  000000e4    000000e4    0000494c   0000494c    r-x .text
  00004a30    00004a30    0000010f   0000010f    r-- .const
  00004b40    00004b40    00000098   00000098    r-- .cinit
20000000    20000000    00000807   00000000    rw-
  20000000    20000000    00000400   00000000    rw- .sysmem
  20000400    20000400    0000021a   00000000    rw- .data
  2000061c    2000061c    000001eb   00000000    rw- .bss
2000fe00    2000fe00    00000200   00000000    rw-
  2000fe00    2000fe00    00000200   00000000    rw- .stack


SECTION ALLOCATION MAP

 output                                  attributes/
section   page    origin      length       input sections
--------  ----  ----------  ----------   ----------------
.intvecs   0    00000000    000000e4     
                  00000000    000000e4     startup_msp432p401r_ccs.obj (.intvecs:retain)

.text      0    000000e4    0000494c     
                  000000e4    00000a4e     rtsv7M4_T_le_v4SPD16_eabi.lib : _printfi.c.obj (.text:__TI_printfi)
                  00000b32    00000002                                   : _lock.c.obj (.text:_nop)
                  00000b34    00000470     EUSCI_A0_UART.obj (.text)
                  00000fa4    0000043c     main.obj (.text)
                  000013e0    00000340     GPIO.obj (.text)
                  00001720    00000334     system_msp432p401r.obj (.text)
                  00001a54    000002e8     CRUISE_CONTROL.obj (.text)
                  00001d3c    00000270     rtsv7M4_T_le_v4SPD16_eabi.lib : _printfi.c.obj (.text:_pconv_a)
                  00001fac    0000021c     BLE_UART.obj (.text)
                  000021c8    000001e0     Clock.obj (.text)
                  000023a8    000001d0     rtsv7M4_T_le_v4SPD16_eabi.lib : _printfi.c.obj (.text:_pconv_g)
                  00002578    000001b6                                   : fd_add_t2.asm.obj (.text)
                  0000272e    00000002                                   : div0.asm.obj (.text)
                  00002730    00000178     Motor.obj (.text)
                  000028a8    0000013c     rtsv7M4_T_le_v4SPD16_eabi.lib : _printfi.c.obj (.text:_pconv_e)
                  000029e4    00000138     BLU_HCO5.obj (.text)
                  00002b1c    00000136     rtsv7M4_T_le_v4SPD16_eabi.lib : fd_div_t2.asm.obj (.text)
                  00002c52    00000002     --HOLE-- [fill = 0]
                  00002c54    00000124                                   : _printfi.c.obj (.text:fcvt)
                  00002d78    00000114                                   : fputs.c.obj (.text:fputs)
                  00002e8c    00000110                                   : fopen.c.obj (.text:_openfile)
                  00002f9c    00000110                                   : s_scalbn.c.obj (.text:scalbn)
                  000030ac    00000100                                   : memory.c.obj (.text:aligned_alloc)
                  000031ac    000000fc                                   : fd_mul_t2.asm.obj (.text)
                  000032a8    000000e8     Timer_A0_PWM.obj (.text)
                  00003390    000000e4     rtsv7M4_T_le_v4SPD16_eabi.lib : memory.c.obj (.text:free)
                  00003474    000000dc                                   : setvbuf.c.obj (.text:setvbuf)
                  00003550    000000bc                                   : open.c.obj (.text:open)
                  0000360c    000000b8                                   : add_device.c.obj (.text:add_device)
                  000036c4    000000b4     Timer_A0_Interrupt.obj (.text)
                  00003778    000000b1     rtsv7M4_T_le_v4SPD16_eabi.lib : _printfi.c.obj (.text:_ltostr)
                  00003829    00000003     --HOLE-- [fill = 0]
                  0000382c    000000b0     Timer_A1_Interrupt.obj (.text)
                  000038dc    0000009c     rtsv7M4_T_le_v4SPD16_eabi.lib : fopen.c.obj (.text:fopen)
                  00003978    0000009c                                   : memcpy_t2.asm.obj (.text)
                  00003a14    00000096                                   : ull_div_t2.asm.obj (.text)
                  00003aaa    00000002     --HOLE-- [fill = 0]
                  00003aac    00000094     Timer_A2_PWM.obj (.text)
                  00003b40    0000008c     rtsv7M4_T_le_v4SPD16_eabi.lib : fputc.c.obj (.text:fputc)
                  00003bcc    00000086                                   : fd_cmp_t2.asm.obj (.text:__aeabi_cdcmple)
                  00003c52    00000086                                   : fd_cmp_t2.asm.obj (.text:__aeabi_cdrcmple)
                  00003cd8    0000007a                                   : memset_t2.asm.obj (.text)
                  00003d52    00000002     --HOLE-- [fill = 0]
                  00003d54    00000074                                   : fclose.c.obj (.text:__TI_closefile)
                  00003dc8    00000070                                   : memory.c.obj (.text:split)
                  00003e38    0000006e                                   : _printfi.c.obj (.text:_mcpy)
                  00003ea6    00000002     --HOLE-- [fill = 0]
                  00003ea8    0000006c                                   : hostrename.c.obj (.text:HOSTrename)
                  00003f14    00000068                                   : hostlseek.c.obj (.text:HOSTlseek)
                  00003f7c    00000068                                   : copy_decompress_lzss.c.obj (.text:decompress:lzss:__TI_decompress_lzss)
                  00003fe4    00000068                                   : printf.c.obj (.text:printf)
                  0000404c    00000064                                   : s_frexp.c.obj (.text:frexp)
                  000040b0    00000064                                   : fseek.c.obj (.text:fseek)
                  00004114    00000062                                   : _io_perm.c.obj (.text:__TI_wrt_ok)
                  00004176    00000002     --HOLE-- [fill = 0]
                  00004178    00000060                                   : hostopen.c.obj (.text:HOSTopen)
                  000041d8    0000005c                                   : close.c.obj (.text:close)
                  00004234    00000058                                   : hostread.c.obj (.text:HOSTread)
                  0000428c    00000058                                   : hostwrite.c.obj (.text:HOSTwrite)
                  000042e4    00000056                                   : _printfi.c.obj (.text:_pconv_f)
                  0000433a    00000054                                   : _ltoa.c.obj (.text:__TI_ltoa)
                  0000438e    00000052                                   : _printfi.c.obj (.text:_ecpy)
                  000043e0    0000004c                                   : fflush.c.obj (.text:__TI_doflush)
                  0000442c    0000004c                                   : atoi.c.obj (.text:atoi)
                  00004478    00000048                                   : exit.c.obj (.text:exit)
                  000044c0    00000048                                   : fd_toi_t2.asm.obj (.text)
                  00004508    00000044                                   : hostclose.c.obj (.text:HOSTclose)
                  0000454c    00000044                                   : hostunlink.c.obj (.text:HOSTunlink)
                  00004590    00000044                                   : autoinit.c.obj (.text:__TI_auto_init_nobinit_nopinit:__TI_auto_init_nobinit_nopinit)
                  000045d4    00000044                                   : getdevice.c.obj (.text:getdevice)
                  00004618    0000003e                                   : _printfi.c.obj (.text:_fcpy)
                  00004656    00000002     --HOLE-- [fill = 0]
                  00004658    00000038                                   : trgmsg.c.obj (.text:__TI_writemsg)
                  00004690    00000036                                   : strncpy.c.obj (.text:strncpy)
                  000046c6    00000002     --HOLE-- [fill = 0]
                  000046c8    00000034                                   : fopen.c.obj (.text:__TI_cleanup)
                  000046fc    00000034                                   : trgmsg.c.obj (.text:__TI_readmsg)
                  00004730    00000034                                   : boot_cortex_m.c.obj (.text:_c_int00_noargs:_c_int00_noargs)
                  00004764    00000034                                   : fopen.c.obj (.text:freopen)
                  00004798    00000034                                   : strstr.c.obj (.text:strstr)
                  000047cc    00000030                                   : getdevice.c.obj (.text:finddevice)
                  000047fc    0000002e                                   : i_tofd_t2.asm.obj (.text)
                  0000482a    0000002c     CortexM.obj (.text)
                  00004856    00000002     --HOLE-- [fill = 0]
                  00004858    0000002c     rtsv7M4_T_le_v4SPD16_eabi.lib : unlink.c.obj (.text:unlink)
                  00004884    00000028                                   : memory.c.obj (.text:free_list_insert)
                  000048ac    00000028                                   : lseek.c.obj (.text:lseek)
                  000048d4    00000028                                   : write.c.obj (.text:write)
                  000048fc    00000020                                   : memchr.c.obj (.text:memchr)
                  0000491c    0000001c                                   : copy_zero_init.c.obj (.text:decompress:ZI:__TI_zero_init_nomemset:__TI_zero_init_nomemset)
                  00004938    0000001c                                   : memory.c.obj (.text:free_list_remove)
                  00004954    0000001c                                   : memccpy.c.obj (.text:memccpy)
                  00004970    0000001a                                   : s_copysign.c.obj (.text:copysign)
                  0000498a    00000018                                   : strcmp.c.obj (.text:strcmp)
                  000049a2    00000016                                   : strchr.c.obj (.text:strchr)
                  000049b8    00000014                                   : strcpy.c.obj (.text:strcpy)
                  000049cc    00000014                                   : strlen.c.obj (.text:strlen)
                  000049e0    00000012                                   : wcslen.c.obj (.text:wcslen)
                  000049f2    0000000e                                   : copy_decompress_none.c.obj (.text:decompress:none:__TI_decompress_none)
                  00004a00    0000000e     startup_msp432p401r_ccs.obj (.text)
                  00004a0e    00000002     --HOLE-- [fill = 0]
                  00004a10    00000008     rtsv7M4_T_le_v4SPD16_eabi.lib : errno.c.obj (.text:__aeabi_errno_addr)
                  00004a18    00000008                                   : memory.c.obj (.text:malloc)
                  00004a20    00000004                                   : printf.c.obj (.text:_outc)
                  00004a24    00000004                                   : printf.c.obj (.text:_outs)
                  00004a28    00000004                                   : pre_init.c.obj (.text:_system_pre_init)
                  00004a2c    00000004                                   : exit.c.obj (.text:abort:abort)

.const     0    00004a30    0000010f     
                  00004a30    00000101     rtsv7M4_T_le_v4SPD16_eabi.lib : ctype.c.obj (.const:.string:_ctypes_)
                  00004b31    0000000e     GPIO.obj (.const)

.cinit     0    00004b40    00000098     
                  00004b40    00000072     (.cinit..data.load) [load image, compression = lzss]
                  00004bb2    00000002     --HOLE-- [fill = 0]
                  00004bb4    0000000c     (__TI_handler_table)
                  00004bc0    00000008     (.cinit..bss.load) [load image, compression = zero_init]
                  00004bc8    00000010     (__TI_cinit_table)

.init_array 
*          0    00000000    00000000     UNINITIALIZED

.binit     0    00000000    00000000     

.sysmem    0    20000000    00000400     UNINITIALIZED
                  20000000    00000010     rtsv7M4_T_le_v4SPD16_eabi.lib : memory.c.obj (.sysmem)
                  20000010    000003f0     --HOLE--

.data      0    20000400    0000021a     UNINITIALIZED
                  20000400    000000f0     rtsv7M4_T_le_v4SPD16_eabi.lib : defs.c.obj (.data:_ftable)
                  200004f0    00000078                                   : host_device.c.obj (.data:_device)
                  20000568    00000050                                   : host_device.c.obj (.data:_stream)
                  200005b8    00000018     Clock.obj (.data)
                  200005d0    00000010     rtsv7M4_T_le_v4SPD16_eabi.lib : defs.c.obj (.data)
                  200005e0    0000000c                                   : exit.c.obj (.data:$O1$$)
                  200005ec    00000008                                   : _lock.c.obj (.data:$O1$$)
                  200005f4    00000008                                   : memory.c.obj (.data:$O1$$)
                  200005fc    00000008     CRUISE_CONTROL.obj (.data)
                  20000604    00000004     rtsv7M4_T_le_v4SPD16_eabi.lib : add_device.c.obj (.data)
                  20000608    00000004                                   : errno.c.obj (.data)
                  2000060c    00000004                                   : fopen.c.obj (.data)
                  20000610    00000004                                   : open.c.obj (.data)
                  20000614    00000004     system_msp432p401r.obj (.data)
                  20000618    00000002     BLU_HCO5.obj (.data)

.bss       0    2000061c    000001eb     UNINITIALIZED
                  2000061c    00000120     rtsv7M4_T_le_v4SPD16_eabi.lib : trgmsg.c.obj (.bss:_CIOBUF_)
                  2000073c    000000a0     (.common:__TI_tmpnams)
                  200007dc    00000010     (.common:IN_BUFFER)
                  200007ec    00000008     (.common:parmbuf)
                  200007f4    00000006     main.obj (.bss)
                  200007fa    00000002     (.common:time_receive)
                  200007fc    00000004     (.common:Timer_A0_Task)
                  20000800    00000004     (.common:Timer_A1_Task)
                  20000804    00000002     (.common:time_sent)
                  20000806    00000001     (.common:echo_status)

.stack     0    2000fe00    00000200     UNINITIALIZED
                  2000fe00    00000004     rtsv7M4_T_le_v4SPD16_eabi.lib : boot_cortex_m.c.obj (.stack)
                  2000fe04    000001fc     --HOLE--

__llvm_prf_cnts 
*          0    20000000    00000000     UNINITIALIZED

MODULE SUMMARY

       Module                        code    ro data   rw data
       ------                        ----    -------   -------
    .\
       main.obj                      1084    0         30     
       system_msp432p401r.obj        820     0         8      
       startup_msp432p401r_ccs.obj   14      228       0      
    +--+-----------------------------+-------+---------+---------+
       Total:                        1918    228       38     
                                                              
    .\src\
       EUSCI_A0_UART.obj             1136    0         0      
       GPIO.obj                      832     14        0      
       CRUISE_CONTROL.obj            744     0         16     
       BLE_UART.obj                  540     0         0      
       Clock.obj                     480     0         48     
       Motor.obj                     376     0         0      
       BLU_HCO5.obj                  312     0         36     
       Timer_A0_PWM.obj              232     0         0      
       Timer_A0_Interrupt.obj        180     0         8      
       Timer_A1_Interrupt.obj        176     0         0      
       Timer_A2_PWM.obj              148     0         0      
       CortexM.obj                   44      0         0      
    +--+-----------------------------+-------+---------+---------+
       Total:                        5200    14        108    
                                                              
    C:\ti\ccs1260\ccs\tools\compiler\ti-cgt-arm_20.2.7.LTS\lib\rtsv7M4_T_le_v4SPD16_eabi.lib
       _printfi.c.obj                4851    0         0      
       defs.c.obj                    0       0         832    
       memory.c.obj                  672     0         16     
       trgmsg.c.obj                  108     0         576    
       fopen.c.obj                   532     0         8      
       fd_add_t2.asm.obj             438     0         0      
       host_device.c.obj             0       0         400    
       fd_div_t2.asm.obj             310     0         0      
       fputs.c.obj                   276     0         0      
       s_scalbn.c.obj                272     0         0      
       fd_cmp_t2.asm.obj             268     0         0      
       ctype.c.obj                   0       257       0      
       fd_mul_t2.asm.obj             252     0         0      
       setvbuf.c.obj                 220     0         0      
       open.c.obj                    188     0         8      
       add_device.c.obj              184     0         8      
       memcpy_t2.asm.obj             156     0         0      
       ull_div_t2.asm.obj            150     0         0      
       fputc.c.obj                   140     0         0      
       memset_t2.asm.obj             122     0         0      
       fclose.c.obj                  116     0         0      
       getdevice.c.obj               116     0         0      
       hostopen.c.obj                96      0         16     
       printf.c.obj                  112     0         0      
       hostrename.c.obj              108     0         0      
       copy_decompress_lzss.c.obj    104     0         0      
       hostlseek.c.obj               104     0         0      
       exit.c.obj                    76      0         24     
       fseek.c.obj                   100     0         0      
       s_frexp.c.obj                 100     0         0      
       _io_perm.c.obj                98      0         0      
       close.c.obj                   92      0         0      
       hostread.c.obj                88      0         0      
       hostwrite.c.obj               88      0         0      
       _ltoa.c.obj                   84      0         0      
       atoi.c.obj                    76      0         0      
       fflush.c.obj                  76      0         0      
       fd_toi_t2.asm.obj             72      0         0      
       autoinit.c.obj                68      0         0      
       hostclose.c.obj               68      0         0      
       hostunlink.c.obj              68      0         0      
       strncpy.c.obj                 54      0         0      
       boot_cortex_m.c.obj           52      0         0      
       strstr.c.obj                  52      0         0      
       i_tofd_t2.asm.obj             46      0         0      
       unlink.c.obj                  44      0         0      
       lseek.c.obj                   40      0         0      
       write.c.obj                   40      0         0      
       memchr.c.obj                  32      0         0      
       copy_zero_init.c.obj          28      0         0      
       memccpy.c.obj                 28      0         0      
       s_copysign.c.obj              26      0         0      
       strcmp.c.obj                  24      0         0      
       strchr.c.obj                  22      0         0      
       strcpy.c.obj                  20      0         0      
       strlen.c.obj                  20      0         0      
       _lock.c.obj                   2       0         16     
       wcslen.c.obj                  18      0         0      
       errno.c.obj                   8       0         8      
       copy_decompress_none.c.obj    14      0         0      
       pre_init.c.obj                4       0         0      
       div0.asm.obj                  2       0         0      
    +--+-----------------------------+-------+---------+---------+
       Total:                        11625   257       1912   
                                                              
       Heap:                         0       0         2048   
       Stack:                        0       0         1024   
       Linker Generated:             0       150       0      
    +--+-----------------------------+-------+---------+---------+
       Grand Total:                  18743   649       5130   


LINKER GENERATED COPY TABLES

__TI_cinit_table @ 00004bc8 records: 2, size/record: 8, table size: 16
	.data: load addr=00004b40, load size=00000072 bytes, run addr=20000400, run size=0000021a bytes, compression=lzss
	.bss: load addr=00004bc0, load size=00000008 bytes, run addr=2000061c, run size=000001eb bytes, compression=zero_init


LINKER GENERATED HANDLER TABLE

__TI_handler_table @ 00004bb4 records: 3, size/record: 4, table size: 12
	index: 0, handler: __TI_decompress_lzss
	index: 1, handler: __TI_decompress_none
	index: 2, handler: __TI_zero_init


GLOBAL SYMBOLS: SORTED ALPHABETICALLY BY Name 

address   name                           
-------   ----                           
00004a0d  ADC14_IRQHandler               
00004a0d  AES256_IRQHandler              
00001bf9  AVOID_COMMAND                  
0000206b  BLE_UART_InChar                
00002097  BLE_UART_InString              
00001fad  BLE_UART_Init                  
0000207b  BLE_UART_OutChar               
00002127  BLE_UART_OutString             
0000215d  BLE_UART_Reset                 
00004a0d  BusFault_Handler               
000014d3  Buttons_Init                   
00004a2d  C$$EXIT                        
00004687  C$$IO$$                        
00004a0d  COMP_E0_IRQHandler             
00004a0d  COMP_E1_IRQHandler             
200005c0  CPMwait                        
00001aab  CRUISE_CONTROL                 
00001a9d  CRUISE_CONTROL_INIT            
00004a0d  CS_IRQHandler                  
00001697  Chassis_Board_LEDs_Init        
00002145  Check_BLE_UART_Data            
200005b8  ClockFrequency                 
0000231d  Clock_Delay1ms                 
000022f3  Clock_Delay1us                 
000022df  Clock_GetFreq                  
000021c9  Clock_Init48MHz                
200005cc  Crystalstable                  
00004a0d  DMA_ERR_IRQHandler             
00004a0d  DMA_INT0_IRQHandler            
00004a0d  DMA_INT1_IRQHandler            
00004a0d  DMA_INT2_IRQHandler            
00004a0d  DMA_INT3_IRQHandler            
00004a0d  DebugMon_Handler               
00004a0d  Default_Handler                
0000482b  DisableInterrupts              
00004a0d  EUSCIA0_IRQHandler             
00004a0d  EUSCIA1_IRQHandler             
00002a8f  EUSCIA2_IRQHandler             
00002a8f  EUSCIA2_IRQHandler             
00004a0d  EUSCIA3_IRQHandler             
00004a0d  EUSCIB0_IRQHandler             
00004a0d  EUSCIB1_IRQHandler             
00004a0d  EUSCIB2_IRQHandler             
00004a0d  EUSCIB3_IRQHandler             
00000e75  EUSCI_A0_UART_Close            
00000b7f  EUSCI_A0_UART_InChar           
00000bab  EUSCI_A0_UART_InString         
00000c43  EUSCI_A0_UART_InUDec           
00000b35  EUSCI_A0_UART_Init             
00000f17  EUSCI_A0_UART_Init_Printf      
00000eed  EUSCI_A0_UART_LSeek            
00000e65  EUSCI_A0_UART_Open             
00000b8f  EUSCI_A0_UART_OutChar          
00000cf7  EUSCI_A0_UART_OutSDec          
00000c25  EUSCI_A0_UART_OutString        
00000cc7  EUSCI_A0_UART_OutUDec          
00000d19  EUSCI_A0_UART_OutUFix          
00000e25  EUSCI_A0_UART_OutUHex          
00000e81  EUSCI_A0_UART_Read             
00000f09  EUSCI_A0_UART_Rename           
00000efd  EUSCI_A0_UART_Unlink           
00000eab  EUSCI_A0_UART_Write            
00004831  EnableInterrupts               
00004841  EndCritical                    
00004a0d  FLCTL_IRQHandler               
00004a0d  FPU_IRQHandler                 
00001509  Get_Buttons_Status             
00001595  Get_PMOD_SWT_Status            
000029e5  HC05_A2_UART_INIT              
00004509  HOSTclose                      
00003f15  HOSTlseek                      
00004179  HOSTopen                       
00004235  HOSTread                       
00003ea9  HOSTrename                     
0000454d  HOSTunlink                     
0000428d  HOSTwrite                      
00004a0d  HardFault_Handler              
200005c8  IFlags                         
200007dc  IN_BUFFER                      
000013e1  LED1_Init                      
0000140b  LED1_Output                    
00001437  LED1_Status                    
00001429  LED1_Toggle                    
0000144f  LED2_Init                      
00001483  LED2_Output                    
000014bb  LED2_Status                    
000014a1  LED2_Toggle                    
00001661  LED_Controller                 
000015ad  LED_Pattern_1                  
0000161d  LED_Pattern_2                  
00004a0d  MemManage_Handler              
000027c1  Motor_Backward                 
00002791  Motor_Forward                  
00002731  Motor_Init                     
000027f1  Motor_Left                     
0000282b  Motor_Right                    
00002865  Motor_Stop                     
00004a0d  NMI_Handler                    
00004a0d  PCM_IRQHandler                 
00004b3d  PMOD_8LD_0_3_ON                
00004b3e  PMOD_8LD_4_7_ON                
00004b3b  PMOD_8LD_ALL_OFF               
00004b3c  PMOD_8LD_ALL_ON                
00001521  PMOD_8LD_Init                  
00001555  PMOD_8LD_Output                
00001575  PMOD_SWT_Init                  
00004a0d  PORT1_IRQHandler               
00004a0d  PORT2_IRQHandler               
00004a0d  PORT3_IRQHandler               
00004a0d  PORT4_IRQHandler               
00004a0d  PORT5_IRQHandler               
00004a0d  PORT6_IRQHandler               
00004a0d  PSS_IRQHandler                 
00004a0d  PendSV_Handler                 
200005c4  Postwait                       
200005bc  Prewait                        
00001229  Process_BLE_UART_Data          
00004b31  RED_LED_OFF                    
00004b32  RED_LED_ON                     
00004b37  RGB_LED_BLUE                   
00004b35  RGB_LED_GREEN                  
00004b33  RGB_LED_OFF                    
00004b38  RGB_LED_PINK                   
00004b34  RGB_LED_RED                    
00004b39  RGB_LED_SKY_BLUE               
00004b3a  RGB_LED_WHITE                  
00004b36  RGB_LED_YELLOW                 
00004a0d  RTC_C_IRQHandler               
00004a01  Reset_Handler                  
200005fd  SDK_AVOID_STATE                
200005fc  SDK_STATE                      
00004a0d  SVC_Handler                    
00004837  StartCritical                  
00004a0d  SysTick_Handler                
20000614  SystemCoreClock                
00001721  SystemCoreClockUpdate          
00001999  SystemInit                     
00004a0d  T32_INT1_IRQHandler            
00004a0d  T32_INT2_IRQHandler            
00004a0d  T32_INTC_IRQHandler            
00003747  TA0_0_IRQHandler               
00003747  TA0_0_IRQHandler               
00004a0d  TA0_N_IRQHandler               
000038a7  TA1_0_IRQHandler               
000038a7  TA1_0_IRQHandler               
00004a0d  TA1_N_IRQHandler               
00004a0d  TA2_0_IRQHandler               
00001123  TA2_N_IRQHandler               
00001123  TA2_N_IRQHandler               
00004a0d  TA3_0_IRQHandler               
00004a0d  TA3_N_IRQHandler               
000010e1  TRIGER_GENERATOR_INIT          
000036c5  Timer_A0_Interrupt_Init        
000032a9  Timer_A0_PWM_Init              
00003731  Timer_A0_Stop                  
200007fc  Timer_A0_Task                  
00003331  Timer_A0_Update_Duty_Cycle_1   
00003351  Timer_A0_Update_Duty_Cycle_2   
0000382d  Timer_A1_Interrupt_Init        
00003893  Timer_A1_Stop                  
20000800  Timer_A1_Task                  
00003aad  Timer_A2_PWM_Init              
00003b01  Timer_A2_Update_Duty_Cycle_1   
00000d41  UART0_InUHex                   
00004a0d  UsageFault_Handler             
4000480c  WDTCTL_SYM                     
00004a0d  WDT_A_IRQHandler               
00004851  WaitForInterrupt               
2000061c  __CIOBUF_                      
20010000  __STACK_END                    
00000200  __STACK_SIZE                   
00000400  __SYSMEM_SIZE                  
00004bc8  __TI_CINIT_Base                
00004bd8  __TI_CINIT_Limit               
00004bb4  __TI_Handler_Table_Base        
00004bc0  __TI_Handler_Table_Limit       
00004591  __TI_auto_init_nobinit_nopinit 
000046c9  __TI_cleanup                   
200005e0  __TI_cleanup_ptr               
00003d55  __TI_closefile                 
00003f7d  __TI_decompress_lzss           
000049f3  __TI_decompress_none           
000043e1  __TI_doflush                   
200005e4  __TI_dtors_ptr                 
200005e8  __TI_enable_exit_profile_output
200005d0  __TI_ft_end                    
0000433b  __TI_ltoa                      
ffffffff  __TI_pprof_out_hndl            
000000e5  __TI_printfi                   
ffffffff  __TI_prof_data_size            
ffffffff  __TI_prof_data_start           
000046fd  __TI_readmsg                   
00000000  __TI_static_base__             
2000073c  __TI_tmpnams                   
00004659  __TI_writemsg                  
00004115  __TI_wrt_ok                    
0000491d  __TI_zero_init_nomemset        
00003bcd  __aeabi_cdcmpeq                
00003bcd  __aeabi_cdcmple                
00003c53  __aeabi_cdrcmple               
000044c1  __aeabi_d2iz                   
00002583  __aeabi_dadd                   
00002b1d  __aeabi_ddiv                   
000031ad  __aeabi_dmul                   
00002579  __aeabi_dsub                   
00004a11  __aeabi_errno_addr             
000047fd  __aeabi_i2d                    
0000272f  __aeabi_idiv0                  
0000272f  __aeabi_ldiv0                  
00003cd9  __aeabi_memclr                 
00003cd9  __aeabi_memclr4                
00003cd9  __aeabi_memclr8                
00003979  __aeabi_memcpy                 
00003979  __aeabi_memcpy4                
00003979  __aeabi_memcpy8                
00003cdb  __aeabi_memset                 
00003cdb  __aeabi_memset4                
00003cdb  __aeabi_memset8                
200005dc  __aeabi_stderr                 
200005d4  __aeabi_stdin                  
200005d8  __aeabi_stdout                 
00003a15  __aeabi_uldivmod               
ffffffff  __binit__                      
ffffffff  __c_args__                     
UNDEFED   __mpu_init                     
2000fe00  __stack                        
20000000  __start___llvm_prf_cnts        
20000000  __stop___llvm_prf_cnts         
00004731  _c_int00_noargs                
00004a30  _ctypes_                       
200004f0  _device                        
20000400  _ftable                        
200005ec  _lock                          
00000b33  _nop                           
20000568  _stream                        
20000000  _sys_memory                    
UNDEFED   _system_post_cinit             
00004a29  _system_pre_init               
200005f0  _unlock                        
00004a2d  abort                          
0000360d  add_device                     
000030ad  aligned_alloc                  
0000442d  atoi                           
ffffffff  binit                          
000041d9  close                          
00004971  copysign                       
00004971  copysignl                      
000022e5  delay                          
20000806  echo_status                    
20000608  errno                          
00004479  exit                           
000047cd  finddevice                     
000038dd  fopen                          
00003b41  fputc                          
00002d79  fputs                          
00003391  free                           
00004765  freopen                        
0000404d  frexp                          
0000404d  frexpl                         
000040b1  fseek                          
000045d5  getdevice                      
20000619  in_buf_cmd_ready               
20000618  in_buf_index                   
00000000  interruptVectors               
00002f9d  ldexp                          
00002f9d  ldexpl                         
000048ad  lseek                          
00000fd1  main                           
00004a19  malloc                         
00001163  median_filer_3pt               
000030ad  memalign                       
00004955  memccpy                        
000048fd  memchr                         
00003979  memcpy                         
00003ce1  memset                         
00003551  open                           
200007ec  parmbuf                        
00003fe5  printf                         
00003b41  putc                           
000011e7  raw_distance_filter            
00004859  remove                         
00002f9d  scalbn                         
00002f9d  scalbnl                        
00003475  setvbuf                        
000049a3  strchr                         
0000498b  strcmp                         
000049b9  strcpy                         
000049cd  strlen                         
00004691  strncpy                        
00004799  strstr                         
200007fa  time_receive                   
20000804  time_sent                      
00004859  unlink                         
000049e1  wcslen                         
000048d5  write                          


GLOBAL SYMBOLS: SORTED BY Symbol Address 

address   name                           
-------   ----                           
00000000  __TI_static_base__             
00000000  interruptVectors               
000000e5  __TI_printfi                   
00000200  __STACK_SIZE                   
00000400  __SYSMEM_SIZE                  
00000b33  _nop                           
00000b35  EUSCI_A0_UART_Init             
00000b7f  EUSCI_A0_UART_InChar           
00000b8f  EUSCI_A0_UART_OutChar          
00000bab  EUSCI_A0_UART_InString         
00000c25  EUSCI_A0_UART_OutString        
00000c43  EUSCI_A0_UART_InUDec           
00000cc7  EUSCI_A0_UART_OutUDec          
00000cf7  EUSCI_A0_UART_OutSDec          
00000d19  EUSCI_A0_UART_OutUFix          
00000d41  UART0_InUHex                   
00000e25  EUSCI_A0_UART_OutUHex          
00000e65  EUSCI_A0_UART_Open             
00000e75  EUSCI_A0_UART_Close            
00000e81  EUSCI_A0_UART_Read             
00000eab  EUSCI_A0_UART_Write            
00000eed  EUSCI_A0_UART_LSeek            
00000efd  EUSCI_A0_UART_Unlink           
00000f09  EUSCI_A0_UART_Rename           
00000f17  EUSCI_A0_UART_Init_Printf      
00000fd1  main                           
000010e1  TRIGER_GENERATOR_INIT          
00001123  TA2_N_IRQHandler               
00001123  TA2_N_IRQHandler               
00001163  median_filer_3pt               
000011e7  raw_distance_filter            
00001229  Process_BLE_UART_Data          
000013e1  LED1_Init                      
0000140b  LED1_Output                    
00001429  LED1_Toggle                    
00001437  LED1_Status                    
0000144f  LED2_Init                      
00001483  LED2_Output                    
000014a1  LED2_Toggle                    
000014bb  LED2_Status                    
000014d3  Buttons_Init                   
00001509  Get_Buttons_Status             
00001521  PMOD_8LD_Init                  
00001555  PMOD_8LD_Output                
00001575  PMOD_SWT_Init                  
00001595  Get_PMOD_SWT_Status            
000015ad  LED_Pattern_1                  
0000161d  LED_Pattern_2                  
00001661  LED_Controller                 
00001697  Chassis_Board_LEDs_Init        
00001721  SystemCoreClockUpdate          
00001999  SystemInit                     
00001a9d  CRUISE_CONTROL_INIT            
00001aab  CRUISE_CONTROL                 
00001bf9  AVOID_COMMAND                  
00001fad  BLE_UART_Init                  
0000206b  BLE_UART_InChar                
0000207b  BLE_UART_OutChar               
00002097  BLE_UART_InString              
00002127  BLE_UART_OutString             
00002145  Check_BLE_UART_Data            
0000215d  BLE_UART_Reset                 
000021c9  Clock_Init48MHz                
000022df  Clock_GetFreq                  
000022e5  delay                          
000022f3  Clock_Delay1us                 
0000231d  Clock_Delay1ms                 
00002579  __aeabi_dsub                   
00002583  __aeabi_dadd                   
0000272f  __aeabi_idiv0                  
0000272f  __aeabi_ldiv0                  
00002731  Motor_Init                     
00002791  Motor_Forward                  
000027c1  Motor_Backward                 
000027f1  Motor_Left                     
0000282b  Motor_Right                    
00002865  Motor_Stop                     
000029e5  HC05_A2_UART_INIT              
00002a8f  EUSCIA2_IRQHandler             
00002a8f  EUSCIA2_IRQHandler             
00002b1d  __aeabi_ddiv                   
00002d79  fputs                          
00002f9d  ldexp                          
00002f9d  ldexpl                         
00002f9d  scalbn                         
00002f9d  scalbnl                        
000030ad  aligned_alloc                  
000030ad  memalign                       
000031ad  __aeabi_dmul                   
000032a9  Timer_A0_PWM_Init              
00003331  Timer_A0_Update_Duty_Cycle_1   
00003351  Timer_A0_Update_Duty_Cycle_2   
00003391  free                           
00003475  setvbuf                        
00003551  open                           
0000360d  add_device                     
000036c5  Timer_A0_Interrupt_Init        
00003731  Timer_A0_Stop                  
00003747  TA0_0_IRQHandler               
00003747  TA0_0_IRQHandler               
0000382d  Timer_A1_Interrupt_Init        
00003893  Timer_A1_Stop                  
000038a7  TA1_0_IRQHandler               
000038a7  TA1_0_IRQHandler               
000038dd  fopen                          
00003979  __aeabi_memcpy                 
00003979  __aeabi_memcpy4                
00003979  __aeabi_memcpy8                
00003979  memcpy                         
00003a15  __aeabi_uldivmod               
00003aad  Timer_A2_PWM_Init              
00003b01  Timer_A2_Update_Duty_Cycle_1   
00003b41  fputc                          
00003b41  putc                           
00003bcd  __aeabi_cdcmpeq                
00003bcd  __aeabi_cdcmple                
00003c53  __aeabi_cdrcmple               
00003cd9  __aeabi_memclr                 
00003cd9  __aeabi_memclr4                
00003cd9  __aeabi_memclr8                
00003cdb  __aeabi_memset                 
00003cdb  __aeabi_memset4                
00003cdb  __aeabi_memset8                
00003ce1  memset                         
00003d55  __TI_closefile                 
00003ea9  HOSTrename                     
00003f15  HOSTlseek                      
00003f7d  __TI_decompress_lzss           
00003fe5  printf                         
0000404d  frexp                          
0000404d  frexpl                         
000040b1  fseek                          
00004115  __TI_wrt_ok                    
00004179  HOSTopen                       
000041d9  close                          
00004235  HOSTread                       
0000428d  HOSTwrite                      
0000433b  __TI_ltoa                      
000043e1  __TI_doflush                   
0000442d  atoi                           
00004479  exit                           
000044c1  __aeabi_d2iz                   
00004509  HOSTclose                      
0000454d  HOSTunlink                     
00004591  __TI_auto_init_nobinit_nopinit 
000045d5  getdevice                      
00004659  __TI_writemsg                  
00004687  C$$IO$$                        
00004691  strncpy                        
000046c9  __TI_cleanup                   
000046fd  __TI_readmsg                   
00004731  _c_int00_noargs                
00004765  freopen                        
00004799  strstr                         
000047cd  finddevice                     
000047fd  __aeabi_i2d                    
0000482b  DisableInterrupts              
00004831  EnableInterrupts               
00004837  StartCritical                  
00004841  EndCritical                    
00004851  WaitForInterrupt               
00004859  remove                         
00004859  unlink                         
000048ad  lseek                          
000048d5  write                          
000048fd  memchr                         
0000491d  __TI_zero_init_nomemset        
00004955  memccpy                        
00004971  copysign                       
00004971  copysignl                      
0000498b  strcmp                         
000049a3  strchr                         
000049b9  strcpy                         
000049cd  strlen                         
000049e1  wcslen                         
000049f3  __TI_decompress_none           
00004a01  Reset_Handler                  
00004a0d  ADC14_IRQHandler               
00004a0d  AES256_IRQHandler              
00004a0d  BusFault_Handler               
00004a0d  COMP_E0_IRQHandler             
00004a0d  COMP_E1_IRQHandler             
00004a0d  CS_IRQHandler                  
00004a0d  DMA_ERR_IRQHandler             
00004a0d  DMA_INT0_IRQHandler            
00004a0d  DMA_INT1_IRQHandler            
00004a0d  DMA_INT2_IRQHandler            
00004a0d  DMA_INT3_IRQHandler            
00004a0d  DebugMon_Handler               
00004a0d  Default_Handler                
00004a0d  EUSCIA0_IRQHandler             
00004a0d  EUSCIA1_IRQHandler             
00004a0d  EUSCIA3_IRQHandler             
00004a0d  EUSCIB0_IRQHandler             
00004a0d  EUSCIB1_IRQHandler             
00004a0d  EUSCIB2_IRQHandler             
00004a0d  EUSCIB3_IRQHandler             
00004a0d  FLCTL_IRQHandler               
00004a0d  FPU_IRQHandler                 
00004a0d  HardFault_Handler              
00004a0d  MemManage_Handler              
00004a0d  NMI_Handler                    
00004a0d  PCM_IRQHandler                 
00004a0d  PORT1_IRQHandler               
00004a0d  PORT2_IRQHandler               
00004a0d  PORT3_IRQHandler               
00004a0d  PORT4_IRQHandler               
00004a0d  PORT5_IRQHandler               
00004a0d  PORT6_IRQHandler               
00004a0d  PSS_IRQHandler                 
00004a0d  PendSV_Handler                 
00004a0d  RTC_C_IRQHandler               
00004a0d  SVC_Handler                    
00004a0d  SysTick_Handler                
00004a0d  T32_INT1_IRQHandler            
00004a0d  T32_INT2_IRQHandler            
00004a0d  T32_INTC_IRQHandler            
00004a0d  TA0_N_IRQHandler               
00004a0d  TA1_N_IRQHandler               
00004a0d  TA2_0_IRQHandler               
00004a0d  TA3_0_IRQHandler               
00004a0d  TA3_N_IRQHandler               
00004a0d  UsageFault_Handler             
00004a0d  WDT_A_IRQHandler               
00004a11  __aeabi_errno_addr             
00004a19  malloc                         
00004a29  _system_pre_init               
00004a2d  C$$EXIT                        
00004a2d  abort                          
00004a30  _ctypes_                       
00004b31  RED_LED_OFF                    
00004b32  RED_LED_ON                     
00004b33  RGB_LED_OFF                    
00004b34  RGB_LED_RED                    
00004b35  RGB_LED_GREEN                  
00004b36  RGB_LED_YELLOW                 
00004b37  RGB_LED_BLUE                   
00004b38  RGB_LED_PINK                   
00004b39  RGB_LED_SKY_BLUE               
00004b3a  RGB_LED_WHITE                  
00004b3b  PMOD_8LD_ALL_OFF               
00004b3c  PMOD_8LD_ALL_ON                
00004b3d  PMOD_8LD_0_3_ON                
00004b3e  PMOD_8LD_4_7_ON                
00004bb4  __TI_Handler_Table_Base        
00004bc0  __TI_Handler_Table_Limit       
00004bc8  __TI_CINIT_Base                
00004bd8  __TI_CINIT_Limit               
20000000  __start___llvm_prf_cnts        
20000000  __stop___llvm_prf_cnts         
20000000  _sys_memory                    
20000400  _ftable                        
200004f0  _device                        
20000568  _stream                        
200005b8  ClockFrequency                 
200005bc  Prewait                        
200005c0  CPMwait                        
200005c4  Postwait                       
200005c8  IFlags                         
200005cc  Crystalstable                  
200005d0  __TI_ft_end                    
200005d4  __aeabi_stdin                  
200005d8  __aeabi_stdout                 
200005dc  __aeabi_stderr                 
200005e0  __TI_cleanup_ptr               
200005e4  __TI_dtors_ptr                 
200005e8  __TI_enable_exit_profile_output
200005ec  _lock                          
200005f0  _unlock                        
200005fc  SDK_STATE                      
200005fd  SDK_AVOID_STATE                
20000608  errno                          
20000614  SystemCoreClock                
20000618  in_buf_index                   
20000619  in_buf_cmd_ready               
2000061c  __CIOBUF_                      
2000073c  __TI_tmpnams                   
200007dc  IN_BUFFER                      
200007ec  parmbuf                        
200007fa  time_receive                   
200007fc  Timer_A0_Task                  
20000800  Timer_A1_Task                  
20000804  time_sent                      
20000806  echo_status                    
2000fe00  __stack                        
20010000  __STACK_END                    
4000480c  WDTCTL_SYM                     
ffffffff  __TI_pprof_out_hndl            
ffffffff  __TI_prof_data_size            
ffffffff  __TI_prof_data_start           
ffffffff  __binit__                      
ffffffff  __c_args__                     
ffffffff  binit                          
UNDEFED   __mpu_init                     
UNDEFED   _system_post_cinit             

[295 symbols]
